[@ 0.000ms] print: 17.1369
[@ 0.000ms] print: -1500
[@ 0.000ms] print: -1500
[@ 0.000ms] print: -13.726
