[@ 0.000ms] print: 32
[@ 0.000ms] print: 55
[@ 0.000ms] print: 8.5
