[@ 0.000ms] print: 0.31
[@ 0.000ms] print: 2.54
[@ 0.000ms] print: 3.76
[@ 0.000ms] print: 4.44
[@ 0.000ms] print: 9
[@ 0.000ms] print: 8
[@ 0.000ms] print: 8
[@ 0.000ms] print: 5.04
[@ 0.000ms] print: 4.6
[@ 0.000ms] print: 4.2
[@ 0.000ms] print: 6.2
[@ 0.000ms] print: 5.04
[@ 0.000ms] print: 4.6
[@ 0.000ms] print: 4.2
[@ 0.000ms] print: 6.2
[@ 0.000ms] print: -5.66
[@ 0.000ms] print: -5
[@ 0.000ms] print: -4.7
[@ 0.000ms] print: -1.6
[@ 0.000ms] print: -5.7