[@ 0.000ms] print: 0.135335
[@ 0.000ms] print: 1
[@ 0.000ms] print: 6.16012e-07
[@ 0.000ms] print: 40.4473
