[@ 0.000ms] direct: 0-haha
[@ 0.000ms] direct: 2
[@ 0.000ms] direct: 0
[@ 0.000ms] remote: 3