[@ 0.000ms] print: 2
[@ 0.000ms] print: 14.3
[@ 0.000ms] print: 3.7
