[@ 0.000ms] print: 0.000158489
[@ 0.000ms] print: 0
[@ 0.000ms] print: 0
[@ 0.000ms] print: 1.53109e-05
