[@ 0.000ms] third: bang
[@ 0.000ms] first: bang
[@ 0.000ms] second: bang