[@ 0.000ms] print: -1.10715
[@ 0.000ms] print: 0
[@ 0.000ms] print: -1.50098
[@ 0.000ms] print: 1.30683
