[@ 0.000ms] print: 1.18059e+21
[@ 0.000ms] print: 0
[@ 0.000ms] print: 0
[@ 0.000ms] print: 0.073046
