[@ 0.000ms] right: 30
[@ 0.000ms] left: 30
[@ 0.000ms] left: -10