[@ 0.000ms] print: hello
[@ 2000.000ms] print: hello