[@ 0.000ms] print: bang
[@ 0.000ms] print: 34
[@ 0.000ms] print: hello
[@ 0.000ms] print: 12 4 87
