[@ 0.000ms] print: -1000
[@ 0.000ms] print: -1000
[@ 0.000ms] print: 1.30833
