[@ 0.000ms] print: 2
[@ 0.000ms] print: 2
[@ 0.000ms] print: 0
[@ 0.000ms] print: 35
[@ 0.000ms] print: 7
