[@ 0.000ms] print: 0
[@ 0.000ms] print: -1
[@ 0.000ms] print: 2
[@ 0.000ms] print: 10
[@ 0.000ms] print: 1
[@ 0.000ms] print: -2
