[@ 0.000ms] right: 42
[@ 0.000ms] left: 7
[@ 0.000ms] right: 42
[@ 0.000ms] left: 7
[@ 0.000ms] right: 77
[@ 0.000ms] left: 66
[@ 0.000ms] right: 77
[@ 0.000ms] left: 66
[@ 0.000ms] nothing: 0
[@ 0.000ms] twelve: 12