[@ 0.000ms] print: -0.927295
[@ 0.000ms] print: 3.14159
[@ 0.000ms] print: -0.0454233
[@ 0.000ms] print: 0.253189
