[@ 0.000ms] print: 0
[@ 0.000ms] print: 0
[@ 0.000ms] print: 0
[@ 0.000ms] print: 1.92354
