[@ 0.000ms] print: 23
[@ 0.000ms] print: 55
[@ 0.000ms] print: 60
[@ 0.000ms] print: 55
[@ 0.000ms] print: 66
