[@ 0.000ms] print: 0
[@ 0.000ms] print: 0
[@ 0.000ms] print: 5
[@ 0.000ms] print: 5
