[@ 0.000ms] print: dog
[@ 0.000ms] print: dog
[@ 0.000ms] print: cat