[@ 0.000ms] print: 113.802
[@ 0.000ms] print: 0
[@ 0.000ms] print: 0
[@ 0.000ms] print: 105.682