[@ 0.000ms] print: 1
[@ 0.000ms] print: 0.666667
[@ 0.000ms] print: 1.66667
[@ 0.000ms] print: 4.33333
[@ 0.000ms] print: 0
[@ 0.000ms] print: 0.714286
