[@ 0.000ms] print: 25
[@ 0.000ms] print: 6
[@ 0.000ms] print: 15
[@ 0.000ms] print: 39
[@ 0.000ms] print: 12
[@ 0.000ms] print: 35
