[@ 0.000ms] print: 6
[@ 0.000ms] print: 12
[@ 0.000ms] print: 5
[@ 0.000ms] print: 10
[@ 0.000ms] print: 15