[@ 0.000ms] length: 3
[@ 0.000ms] length: 3
[@ 0.000ms] length: 0
[@ 0.000ms] length: 3
[@ 0.000ms] length: 1
[@ 0.000ms] length: 3