[@ 0.000ms] print: 10
[@ 0.000ms] print: 5
[@ 0.000ms] print: 8
[@ 0.000ms] print: 16
[@ 0.000ms] print: 7
[@ 0.000ms] print: 12
