[@ 0.000ms] piped: hello
[@ 0.000ms] flushed: water
[@ 0.000ms] flushed: water
[@ 1000.000ms] piped: hello
[@ 2000.000ms] piped: hello