[@ 0.000ms] print: 0
[@ 0.000ms] print: 23
[@ 0.000ms] print: 54
[@ 0.000ms] print: 54
