[@ 0.000ms] print: 2.18504
[@ 0.000ms] print: 0
[@ 0.000ms] print: 6.08688
[@ 0.000ms] print: 0.624733