[@ 0.000ms] print: -0.909297
[@ 0.000ms] print: 0
[@ 0.000ms] print: -0.986772
[@ 0.000ms] print: -0.529836
