[@ 0.000ms] print: 127.604
[@ 0.000ms] print: 0
[@ 0.000ms] print: 0
[@ 0.000ms] print: 111.364
