[@ 0.000ms] print: 9.17702
[@ 0.000ms] print: 8.1758
[@ 0.000ms] print: 3.57934
[@ 0.000ms] print: 10.1239
