[@ 0.000ms] print: 33
[@ 0.000ms] print: 0
[@ 0.000ms] print: 0
[@ 0.000ms] print: 33
[@ 0.000ms] print: -12.9
[@ 0.000ms] print: 0
[@ 0.000ms] print: 0
[@ 0.000ms] print: 1