[@ 0.000ms] print: 1
[@ 0.000ms] print: 0
[@ 0.000ms] print: 0
[@ 0.000ms] print: 1
[@ 0.000ms] print: 1
[@ 0.000ms] print: 1
