[@ 0.000ms] print: test
[@ 0.000ms] x1: 3.14
[@ 0.000ms] x1: walk the dog
[@ 0.000ms] x1: 234
[@ 0.000ms] x1: bang
[@ 0.000ms] 1
